// Jest Snapshot v1, https://goo.gl/fbAQLP

exports[`New Reservation renders 1`] = `
<main
  className="flex w-full h-screen px-4 bg-reserve-bg bg-reserve-color bg-blend-multiply text-white bg-center bg-cover overflow-auto items-center gap-12 justify-center pt-10"
>
  <section
    className="bg-lime-50 px-4 w-full md:w-auto py-16 pb-4 text-gray-700 rounded-md"
  >
    <h1
      className="flex tracking-widest text-lime-800 w-full  justify-center text-xl md:text-3xl lg:text-4xl mb-8 font-bold"
    >
      Book a Ride with Carbooky!
    </h1>
    <form
      className="w-full mb-12 text-lime-800"
      onSubmit={[Function]}
    >
      <div
        className="flex flex-col"
      >
        <label
          htmlFor="city"
        >
          City
          <input
            id="city"
            name="city"
            onBlur={[Function]}
            onChange={[Function]}
            type="text"
          />
        </label>
      </div>
      <div
        className="flex flex-col"
      >
        <label
          htmlFor="date"
        >
          Date
          <input
            id="date"
            name="date"
            onBlur={[Function]}
            onChange={[Function]}
            type="date"
          />
        </label>
      </div>
      <div
        className="flex flex-col"
      >
        <label
          htmlFor="Cab"
        >
          Cab Model
          <select
            id="cab"
            name="cab"
            onBlur={[Function]}
            onChange={[Function]}
            value=""
          >
            <option
              disabled={true}
              value=""
            >
              Select a cab
            </option>
          </select>
        </label>
      </div>
      <div
        className="flex flex-col"
      >
        <label
          htmlFor="Cab"
        >
          Username
          <input
            id="name"
            name="name"
            onBlur={[Function]}
            onChange={[Function]}
            type="text"
          />
        </label>
      </div>
      <div>
        <button
          className="bg-lime-600 hover:bg-lime-700 transition-all duration-300 ease-linear w-full mt-8 flex gap-2 items-center text-gray-100 rounded-md justify-center text-2xl px-8 py-3"
          type="submit"
        >
          Reserve Now
        </button>
      </div>
    </form>
  </section>
</main>
`;
